[2026-04-07 22:10:27] [INFO]: Escalation cron job started (every 30 minutes)
[2026-04-07 22:10:27] [INFO]: e-Nagar Suraksha server running on port 5001 in development mode
[2026-04-07 22:10:27] [INFO]: MongoDB Connected: localhost
[2026-04-07 23:30:00] [INFO]: Running escalation job...
[2026-04-08 08:30:00] [INFO]: Running escalation job...
[2026-04-08 08:30:00] [INFO]: SLA breached for complaint ENS-2026-000001
[2026-04-08 08:30:00] [WARN]: Auto-escalated complaint ENS-2026-000001
[2026-04-08 08:52:55] [INFO]: Escalation cron job started (every 30 minutes)
[2026-04-08 08:52:55] [INFO]: e-Nagar Suraksha server running on port 5001 in development mode
[2026-04-08 08:52:55] [INFO]: MongoDB Connected: localhost
[2026-04-08 08:55:43] [INFO]: Escalation cron job started (every 30 minutes)
[2026-04-08 08:55:43] [INFO]: e-Nagar Suraksha server running on port 5001 in development mode
[2026-04-08 08:55:43] [INFO]: MongoDB Connected: localhost
[2026-04-08 13:57:51] [INFO]: Escalation cron job started (every 30 minutes)
[2026-04-08 13:57:51] [INFO]: e-Nagar Suraksha server running on port 5001 in development mode
[2026-04-08 13:57:51] [INFO]: MongoDB Connected: localhost
[2026-04-08 14:00:00] [INFO]: Running escalation job...
[2026-04-08 14:09:27] [INFO]: Escalation cron job started (every 30 minutes)
[2026-04-08 14:09:27] [INFO]: e-Nagar Suraksha server running on port 5001 in development mode
[2026-04-08 14:09:27] [INFO]: MongoDB Connected: localhost
[2026-04-08 14:30:00] [INFO]: Running escalation job...
[2026-04-08 15:22:56] [INFO]: Escalation cron job started (every 30 minutes)
[2026-04-08 15:22:56] [INFO]: e-Nagar Suraksha server running on port 5001 in development mode
[2026-04-08 15:22:56] [INFO]: MongoDB Connected: localhost
[2026-04-08 15:30:00] [INFO]: Running escalation job...
[2026-04-08 15:39:43] [INFO]: Escalation cron job started (every 30 minutes)
[2026-04-08 15:39:43] [INFO]: e-Nagar Suraksha server running on port 5001 in development mode
[2026-04-08 15:39:43] [INFO]: MongoDB Connected: localhost
[2026-04-08 15:40:03] [INFO]: Escalation cron job started (every 30 minutes)
[2026-04-08 15:40:03] [INFO]: e-Nagar Suraksha server running on port 5001 in development mode
[2026-04-08 15:40:03] [INFO]: MongoDB Connected: localhost
[2026-04-08 15:40:04] [INFO]: Escalation cron job started (every 30 minutes)
[2026-04-08 15:40:04] [INFO]: e-Nagar Suraksha server running on port 5001 in development mode
[2026-04-08 15:40:04] [INFO]: MongoDB Connected: localhost
[2026-04-08 16:00:00] [INFO]: Running escalation job...
[2026-04-08 19:00:00] [INFO]: Running escalation job...
[2026-04-08 19:24:59] [INFO]: Escalation cron job started (every 30 minutes)
[2026-04-08 19:24:59] [INFO]: e-Nagar Suraksha server running on port 5001 in development mode
[2026-04-08 19:24:59] [INFO]: MongoDB Connected: localhost
[2026-04-08 19:30:00] [INFO]: Running escalation job...
[2026-04-08 19:50:58] [INFO]: Escalation cron job started (every 30 minutes)
[2026-04-08 19:50:58] [INFO]: e-Nagar Suraksha server running on port 5001 in development mode
[2026-04-08 19:50:58] [INFO]: MongoDB Connected: localhost
[2026-04-08 20:00:00] [INFO]: Running escalation job...
[2026-04-08 20:30:00] [INFO]: Running escalation job...
[2026-04-08 21:30:00] [INFO]: Running escalation job...
[2026-04-08 23:00:00] [INFO]: Running escalation job...
[2026-04-08 23:00:00] [INFO]: SLA breached for complaint ENS-2026-000002
[2026-04-08 23:00:00] [WARN]: Auto-escalated complaint ENS-2026-000002
[2026-04-08 23:30:00] [INFO]: Running escalation job...
[2026-04-09 09:00:00] [INFO]: Running escalation job...
[2026-04-09 13:30:00] [INFO]: Running escalation job...
[2026-04-09 14:00:00] [INFO]: Running escalation job...
[2026-04-09 14:30:00] [INFO]: Running escalation job...
[2026-04-09 15:00:00] [INFO]: Running escalation job...
[2026-04-09 15:11:47] [INFO]: Escalation cron job started (every 30 minutes)
[2026-04-09 15:11:47] [INFO]: e-Nagar Suraksha server running on port 5001 in development mode
[2026-04-09 15:11:47] [INFO]: MongoDB Connected: localhost
[2026-04-09 15:30:00] [INFO]: Running escalation job...
[2026-04-09 16:00:00] [INFO]: Running escalation job...
[2026-04-09 16:30:00] [INFO]: Running escalation job...
[2026-04-09 18:16:53] [INFO]: Escalation cron job started (every 30 minutes)
[2026-04-09 18:16:53] [INFO]: e-Nagar Suraksha server running on port 5001 in development mode
[2026-04-09 18:16:53] [INFO]: MongoDB Connected: localhost
[2026-04-09 18:17:32] [INFO]: Escalation cron job started (every 30 minutes)
[2026-04-09 18:17:32] [INFO]: e-Nagar Suraksha server running on port 5001 in development mode
[2026-04-09 18:17:32] [INFO]: MongoDB Connected: localhost
[2026-04-09 18:22:39] [INFO]: Escalation cron job started (every 30 minutes)
[2026-04-09 18:22:39] [INFO]: e-Nagar Suraksha server running on port 5001 in development mode
[2026-04-09 18:22:39] [INFO]: MongoDB Connected: localhost
[2026-04-09 18:30:00] [INFO]: Running escalation job...
[2026-04-09 18:45:22] [INFO]: Escalation cron job started (every 30 minutes)
[2026-04-09 18:45:22] [INFO]: e-Nagar Suraksha server running on port 5001 in development mode
[2026-04-09 18:45:22] [INFO]: MongoDB Connected: localhost
[2026-04-09 19:00:00] [INFO]: Running escalation job...
[2026-04-09 21:00:00] [INFO]: Running escalation job...
[2026-04-09 21:30:00] [INFO]: Running escalation job...
[2026-04-09 22:00:00] [INFO]: Running escalation job...
[2026-04-09 22:30:00] [INFO]: Running escalation job...
[2026-04-09 23:00:00] [INFO]: Running escalation job...
[2026-04-10 11:30:00] [INFO]: Running escalation job...
[2026-04-10 14:00:00] [INFO]: Running escalation job...
[2026-04-10 14:30:00] [INFO]: Running escalation job...
[2026-04-10 15:00:00] [INFO]: Running escalation job...
[2026-04-10 15:30:00] [INFO]: Running escalation job...
[2026-04-10 16:00:00] [INFO]: Running escalation job...
[2026-04-24 11:26:12] [INFO]: Escalation cron job started (every 30 minutes)
[2026-04-24 11:26:12] [INFO]: e-Nagar Suraksha server running on port 5001 in development mode
[2026-04-24 11:26:12] [INFO]: MongoDB Connected: localhost
[2026-04-24 13:56:14] [INFO]: Escalation cron job started (every 30 minutes)
[2026-04-24 13:56:14] [INFO]: e-Nagar Suraksha server running on port 5001 in development mode
[2026-04-24 13:56:14] [INFO]: MongoDB Connected: localhost
[2026-04-24 14:00:00] [INFO]: Running escalation job...
[2026-04-24 14:00:00] [INFO]: SLA breached for complaint ENS-2026-000008
[2026-04-24 14:00:00] [WARN]: Auto-escalated complaint ENS-2026-000008
[2026-04-24 14:30:00] [INFO]: Running escalation job...
[2026-04-24 15:00:00] [INFO]: Running escalation job...
[2026-04-24 15:30:00] [INFO]: Running escalation job...
[2026-04-24 16:00:00] [INFO]: Running escalation job...
[2026-04-27 10:10:27] [INFO]: Escalation cron job started (every 30 minutes)
[2026-04-27 10:10:27] [INFO]: e-Nagar Suraksha server running on port 5001 in development mode
[2026-04-27 10:10:27] [INFO]: MongoDB Connected: localhost
[2026-04-27 10:30:00] [INFO]: Running escalation job...
[2026-04-27 10:30:00] [INFO]: SLA breached for complaint ENS-2026-000010
[2026-04-27 10:30:00] [WARN]: Auto-escalated complaint ENS-2026-000010
[2026-04-27 11:00:00] [INFO]: Running escalation job...
[2026-04-27 11:30:00] [INFO]: Running escalation job...
[2026-04-27 12:00:00] [INFO]: Running escalation job...
[2026-04-27 12:30:00] [INFO]: Running escalation job...
[2026-04-27 20:00:00] [INFO]: Running escalation job...
[2026-05-01 16:48:25] [INFO]: Escalation cron job started (every 30 minutes)
[2026-05-01 16:48:25] [INFO]: e-Nagar Suraksha server running on port 5001 in development mode
[2026-05-01 16:48:25] [INFO]: MongoDB Connected: localhost
[2026-05-01 21:00:00] [INFO]: Running escalation job...
[2026-05-01 21:30:00] [INFO]: Running escalation job...
[2026-05-02 11:50:36] [INFO]: Escalation cron job started (every 30 minutes)
[2026-05-02 11:50:36] [INFO]: e-Nagar Suraksha server running on port 5001 in development mode
[2026-05-02 11:50:36] [INFO]: MongoDB Connected: localhost
[2026-05-02 11:52:02] [INFO]: Escalation cron job started (every 30 minutes)
[2026-05-02 11:52:02] [INFO]: e-Nagar Suraksha server running on port 5001 in development mode
[2026-05-02 11:52:02] [INFO]: MongoDB Connected: localhost
[2026-05-02 12:00:00] [INFO]: Running escalation job...
[2026-07-19 13:39:35] [INFO]: Escalation cron job started (every 30 minutes)
[2026-07-19 13:39:35] [INFO]: e-Nagar Suraksha server running on port 5001 in development mode
[2026-07-19 13:39:35] [INFO]: MongoDB Connected: localhost
